2025-02-26 15:00:49,822 - DEBUG - /etc/localtime found
2025-02-26 15:00:49,824 - DEBUG - 1 found:
 {'/etc/localtime is a symlink to': 'Europe/Moscow'}
2025-02-26 15:00:49,825 - INFO - Adding job tentatively -- it will be properly scheduled when the scheduler starts
2025-02-26 15:00:49,825 - INFO - Added job "notify_new_items" to job store "default"
2025-02-26 15:00:49,825 - INFO - Scheduler started
2025-02-26 15:00:49,825 - INFO - Start polling.
2025-02-26 15:00:49,825 - DEBUG - Make request: "deleteWebhook" with data: "{}" and files "None"
2025-02-26 15:00:49,825 - DEBUG - Looking for jobs to run
2025-02-26 15:00:49,825 - DEBUG - Next wakeup is due at 2025-02-26 15:01:49.824929+03:00 (in 59.998961 seconds)
2025-02-26 15:00:50,000 - DEBUG - Response for deleteWebhook: [200] "'{"ok":true,"result":true,"description":"Webhook is already deleted"}'"
2025-02-26 15:00:50,000 - DEBUG - Make request: "getUpdates" with data: "{'timeout': 20}" and files "None"
2025-02-26 15:01:10,055 - DEBUG - Response for getUpdates: [200] "'{"ok":true,"result":[]}'"
2025-02-26 15:01:10,158 - DEBUG - Make request: "getUpdates" with data: "{'timeout': 20}" and files "None"
2025-02-26 15:01:30,217 - DEBUG - Response for getUpdates: [200] "'{"ok":true,"result":[]}'"
2025-02-26 15:01:30,322 - DEBUG - Make request: "getUpdates" with data: "{'timeout': 20}" and files "None"
2025-02-26 15:01:49,826 - DEBUG - Looking for jobs to run
2025-02-26 15:01:49,828 - DEBUG - Next wakeup is due at 2025-02-26 15:02:49.824929+03:00 (in 59.996684 seconds)
2025-02-26 15:01:49,828 - INFO - Running job "notify_new_items (trigger: interval[0:01:00], next run at: 2025-02-26 15:02:49 MSK)" (scheduled at 2025-02-26 15:01:49.824929+03:00)
2025-02-26 15:01:49,845 - DEBUG - Starting new HTTPS connection (1): api.itsm.mos.ru:443
2025-02-26 15:01:49,976 - DEBUG - https://api.itsm.mos.ru:443 "GET /requests/assigned_to_my_team?status=assigned HTTP/1.1" 200 865
2025-02-26 15:01:49,978 - INFO - Job "notify_new_items (trigger: interval[0:01:00], next run at: 2025-02-26 15:02:49 MSK)" executed successfully
2025-02-26 15:01:50,442 - DEBUG - Response for getUpdates: [200] "'{"ok":true,"result":[]}'"
2025-02-26 15:01:50,545 - DEBUG - Make request: "getUpdates" with data: "{'timeout': 20}" and files "None"
2025-02-26 15:02:10,606 - DEBUG - Response for getUpdates: [200] "'{"ok":true,"result":[]}'"
2025-02-26 15:02:10,710 - DEBUG - Make request: "getUpdates" with data: "{'timeout': 20}" and files "None"
2025-02-26 15:02:18,438 - DEBUG - Response for getUpdates: [200] "'{"ok":true,"result":[{"update_id":639081462,\n"message":{"message_id":119,"from":{"id":225529144,"is_bot":false,"first_name":"I","username":"igor_just_igor","language_code":"ru","is_premium":true},"chat":{"id":225529144,"first_name":"I","username":"igor_just_igor","type":"private"},"date":1740571338,"text":"/subscribe","entities":[{"offset":0,"length":10,"type":"bot_command"}]}}]}'"
2025-02-26 15:02:18,440 - DEBUG - Received 1 updates.
2025-02-26 15:02:18,444 - DEBUG - Make request: "sendMessage" with data: "{'chat_id': 225529144, 'text': 'Вы подписаны на уведомления о новых сообщениях.', 'reply_to_message_id': 119}" and files "None"
2025-02-26 15:02:18,541 - DEBUG - Make request: "getUpdates" with data: "{'offset': 639081463, 'timeout': 20}" and files "None"
2025-02-26 15:02:18,552 - DEBUG - Response for sendMessage: [200] "'{"ok":true,"result":{"message_id":120,"from":{"id":7967969403,"is_bot":true,"first_name":"4meparser","username":"me4parser_bot"},"chat":{"id":225529144,"first_name":"I","username":"igor_just_igor","type":"private"},"date":1740571338,"reply_to_message":{"message_id":119,"from":{"id":225529144,"is_bot":false,"first_name":"I","username":"igor_just_igor","language_code":"ru","is_premium":true},"chat":{"id":225529144,"first_name":"I","username":"igor_just_igor","type":"private"},"date":1740571338,"text":"/subscribe","entities":[{"offset":0,"length":10,"type":"bot_command"}]},"text":"\\u0412\\u044b \\u043f\\u043e\\u0434\\u043f\\u0438\\u0441\\u0430\\u043d\\u044b \\u043d\\u0430 \\u0443\\u0432\\u0435\\u0434\\u043e\\u043c\\u043b\\u0435\\u043d\\u0438\\u044f \\u043e \\u043d\\u043e\\u0432\\u044b\\u0445 \\u0441\\u043e\\u043e\\u0431\\u0449\\u0435\\u043d\\u0438\\u044f\\u0445."}}'"
2025-02-26 15:02:38,695 - DEBUG - Response for getUpdates: [200] "'{"ok":true,"result":[]}'"
2025-02-26 15:02:38,798 - DEBUG - Make request: "getUpdates" with data: "{'offset': 639081463, 'timeout': 20}" and files "None"
2025-02-26 15:02:49,827 - DEBUG - Looking for jobs to run
2025-02-26 15:02:49,829 - DEBUG - Next wakeup is due at 2025-02-26 15:03:49.824929+03:00 (in 59.995767 seconds)
2025-02-26 15:02:49,829 - INFO - Running job "notify_new_items (trigger: interval[0:01:00], next run at: 2025-02-26 15:03:49 MSK)" (scheduled at 2025-02-26 15:02:49.824929+03:00)
2025-02-26 15:02:49,836 - DEBUG - Starting new HTTPS connection (1): api.itsm.mos.ru:443
2025-02-26 15:02:49,959 - DEBUG - https://api.itsm.mos.ru:443 "GET /requests/assigned_to_my_team?status=assigned HTTP/1.1" 200 865
2025-02-26 15:02:49,961 - DEBUG - Make request: "sendMessage" with data: "{'chat_id': 225529144, 'text': 'Уведомление: Новый запрос: №6464570- Проверочная тема\nДедлайн для запроса наступит в 2025-02-26 15:36:13', 'parse_mode': 'html'}" and files "None"
2025-02-26 15:02:50,207 - DEBUG - Response for sendMessage: [200] "'{"ok":true,"result":{"message_id":121,"from":{"id":7967969403,"is_bot":true,"first_name":"4meparser","username":"me4parser_bot"},"chat":{"id":225529144,"first_name":"I","username":"igor_just_igor","type":"private"},"date":1740571370,"text":"\\u0423\\u0432\\u0435\\u0434\\u043e\\u043c\\u043b\\u0435\\u043d\\u0438\\u0435: \\u041d\\u043e\\u0432\\u044b\\u0439 \\u0437\\u0430\\u043f\\u0440\\u043e\\u0441: \\u21166464570- \\u041f\\u0440\\u043e\\u0432\\u0435\\u0440\\u043e\\u0447\\u043d\\u0430\\u044f \\u0442\\u0435\\u043c\\u0430\\n\\u0414\\u0435\\u0434\\u043b\\u0430\\u0439\\u043d \\u0434\\u043b\\u044f \\u0437\\u0430\\u043f\\u0440\\u043e\\u0441\\u0430 \\u043d\\u0430\\u0441\\u0442\\u0443\\u043f\\u0438\\u0442 \\u0432 2025-02-26 15:36:13"}}'"
2025-02-26 15:02:50,208 - INFO - Job "notify_new_items (trigger: interval[0:01:00], next run at: 2025-02-26 15:03:49 MSK)" executed successfully
2025-02-26 15:02:58,853 - DEBUG - Response for getUpdates: [200] "'{"ok":true,"result":[]}'"
2025-02-26 15:02:58,954 - DEBUG - Make request: "getUpdates" with data: "{'offset': 639081463, 'timeout': 20}" and files "None"
2025-02-26 15:03:00,822 - WARNING - Polling is stopped.
